
> youth-election-monitoring@1.0.0 build
> vite build

[36mvite v7.2.0 [32mbuilding client environment for production...[36m[39m
transforming...
[32mΓ£ô[39m 1009 modules transformed.
rendering chunks...
computing gzip size...
[2mdist/[22m[32mindex.html                 [39m[1m[2m  0.42 kB[22m[1m[22m[2m Γöé gzip:   0.29 kB[22m
[2mdist/[22m[35massets/index-BI_UyuCr.css  [39m[1m[2m  7.74 kB[22m[1m[22m[2m Γöé gzip:   2.05 kB[22m
[2mdist/[22m[36massets/index-Biyda_R1.js   [39m[1m[33m572.71 kB[39m[22m[2m Γöé gzip: 176.58 kB[22m
node.exe : [33m
At line:1 char:1
+ & "C:\Program 
Files\nodejs/node.exe" 
"C:\Program 
Files\nodejs/node_mo ...
+ ~~~~~~~~~~~~~~~~~~~~~~~~
~~~~~~~~~~~~~~~~~~~~~~~~~~
~~~~~~~~~~~~~~~~~~~
    + CategoryInfo        
      : NotSpecified: (  
  [33m:String) [], Remo   
 teException
    + FullyQualifiedError 
   Id : NativeCommandErr  
  or
 
(!) Some chunks are 
larger than 500 kB after 
minification. Consider:
- Using dynamic import() 
to code-split the 
application
- Use build.rollupOptions.
output.manualChunks to 
improve chunking: https://
rollupjs.org/configuration
-options/#output-manualchu
nks
- Adjust chunk size limit 
for this warning via build
.chunkSizeWarningLimit.[3
9m
[32mΓ£ô built in 5.00s[39m
